// Jest Snapshot v1, https://goo.gl/fbAQLP

exports[`RangeSlider renders markup with state 1`] = `
<ng-component
  testedWidget={[Function NgAisRangeSlider]}
>
  <ais-instantsearch>
    <ais-range-slider>
      <div
        class="ais-RangeSlider"
      >
        <div
          class="ais-RangeSlider-body ais-body"
        >
          <div
            class="noUi-target noUi-ltr noUi-horizontal"
          >
            <div
              class="noUi-base"
            >
              <div
                class="noUi-origin"
              >
                <div
                  aria-orientation="horizontal"
                  aria-valuemax="100.0"
                  aria-valuemin="0.0"
                  aria-valuenow="0.0"
                  aria-valuetext="0.00"
                  class="noUi-handle noUi-handle-lower"
                  data-handle="0"
                  role="slider"
                  style="z-index: 5;"
                  tabindex="0"
                >
                  <div
                    class="noUi-tooltip"
                  >
                    0.00
                  </div>
                </div>
              </div>
              <div
                class="noUi-connect"
              />
              <div
                class="noUi-origin"
              >
                <div
                  aria-orientation="horizontal"
                  aria-valuemax="100.0"
                  aria-valuemin="0.0"
                  aria-valuenow="100.0"
                  aria-valuetext="200.00"
                  class="noUi-handle noUi-handle-upper"
                  data-handle="1"
                  role="slider"
                  style="z-index: 4;"
                  tabindex="0"
                >
                  <div
                    class="noUi-tooltip"
                  >
                    200.00
                  </div>
                </div>
              </div>
            </div>
            <div
              class="noUi-pips noUi-pips-horizontal"
            >
              <div
                class="noUi-marker noUi-marker-horizontal noUi-marker-large"
                style="left: 0.00000%;"
              />
              <div
                class="noUi-value noUi-value-horizontal noUi-value-large"
                style="left: 0.00000%;"
              />
              <div
                class="noUi-marker noUi-marker-horizontal noUi-marker-normal"
                style="left: 2.94118%;"
              />
              <div
                class="noUi-marker noUi-marker-horizontal noUi-marker-normal"
                style="left: 5.88235%;"
              />
              <div
                class="noUi-marker noUi-marker-horizontal noUi-marker-normal"
                style="left: 8.82353%;"
              />
              <div
                class="noUi-marker noUi-marker-horizontal noUi-marker-normal"
                style="left: 11.76471%;"
              />
              <div
                class="noUi-marker noUi-marker-horizontal noUi-marker-normal"
                style="left: 14.70588%;"
              />
              <div
                class="noUi-marker noUi-marker-horizontal noUi-marker-normal"
                style="left: 17.64706%;"
              />
              <div
                class="noUi-marker noUi-marker-horizontal noUi-marker-normal"
                style="left: 20.58824%;"
              />
              <div
                class="noUi-marker noUi-marker-horizontal noUi-marker-normal"
                style="left: 23.52941%;"
              />
              <div
                class="noUi-marker noUi-marker-horizontal noUi-marker-normal"
                style="left: 26.47059%;"
              />
              <div
                class="noUi-marker noUi-marker-horizontal noUi-marker-normal"
                style="left: 29.41176%;"
              />
              <div
                class="noUi-marker noUi-marker-horizontal noUi-marker-normal"
                style="left: 32.35294%;"
              />
              <div
                class="noUi-marker noUi-marker-horizontal noUi-marker-normal"
                style="left: 35.29412%;"
              />
              <div
                class="noUi-marker noUi-marker-horizontal noUi-marker-normal"
                style="left: 38.23529%;"
              />
              <div
                class="noUi-marker noUi-marker-horizontal noUi-marker-normal"
                style="left: 41.17647%;"
              />
              <div
                class="noUi-marker noUi-marker-horizontal noUi-marker-normal"
                style="left: 44.11765%;"
              />
              <div
                class="noUi-marker noUi-marker-horizontal noUi-marker-normal"
                style="left: 47.05882%;"
              />
              <div
                class="noUi-marker noUi-marker-horizontal noUi-marker-large"
                style="left: 50.00000%;"
              />
              <div
                class="noUi-value noUi-value-horizontal noUi-value-large"
                style="left: 50.00000%;"
              />
              <div
                class="noUi-marker noUi-marker-horizontal noUi-marker-normal"
                style="left: 52.94118%;"
              />
              <div
                class="noUi-marker noUi-marker-horizontal noUi-marker-normal"
                style="left: 55.88235%;"
              />
              <div
                class="noUi-marker noUi-marker-horizontal noUi-marker-normal"
                style="left: 58.82353%;"
              />
              <div
                class="noUi-marker noUi-marker-horizontal noUi-marker-normal"
                style="left: 61.76471%;"
              />
              <div
                class="noUi-marker noUi-marker-horizontal noUi-marker-normal"
                style="left: 64.70588%;"
              />
              <div
                class="noUi-marker noUi-marker-horizontal noUi-marker-normal"
                style="left: 67.64706%;"
              />
              <div
                class="noUi-marker noUi-marker-horizontal noUi-marker-normal"
                style="left: 70.58824%;"
              />
              <div
                class="noUi-marker noUi-marker-horizontal noUi-marker-normal"
                style="left: 73.52941%;"
              />
              <div
                class="noUi-marker noUi-marker-horizontal noUi-marker-normal"
                style="left: 76.47059%;"
              />
              <div
                class="noUi-marker noUi-marker-horizontal noUi-marker-normal"
                style="left: 79.41176%;"
              />
              <div
                class="noUi-marker noUi-marker-horizontal noUi-marker-normal"
                style="left: 82.35294%;"
              />
              <div
                class="noUi-marker noUi-marker-horizontal noUi-marker-normal"
                style="left: 85.29412%;"
              />
              <div
                class="noUi-marker noUi-marker-horizontal noUi-marker-normal"
                style="left: 88.23529%;"
              />
              <div
                class="noUi-marker noUi-marker-horizontal noUi-marker-normal"
                style="left: 91.17647%;"
              />
              <div
                class="noUi-marker noUi-marker-horizontal noUi-marker-normal"
                style="left: 94.11765%;"
              />
              <div
                class="noUi-marker noUi-marker-horizontal noUi-marker-normal"
                style="left: 97.05882%;"
              />
              <div
                class="noUi-marker noUi-marker-horizontal noUi-marker-large"
                style="left: 100.00000%;"
              />
              <div
                class="noUi-value noUi-value-horizontal noUi-value-large"
                style="left: 100.00000%;"
              />
            </div>
          </div>
        </div>
      </div>
    </ais-range-slider>
  </ais-instantsearch>
</ng-component>
`;

exports[`RangeSlider renders markup without state 1`] = `
<ng-component
  testedWidget={[Function NgAisRangeSlider]}
>
  <ais-instantsearch>
    <ais-range-slider>
      <div
        class="ais-RangeSlider"
      >
        <div
          class="ais-RangeSlider-body ais-body"
        >
          <div />
        </div>
      </div>
    </ais-range-slider>
  </ais-instantsearch>
</ng-component>
`;
